IQ-TREE multicore version 2.4.0 for Linux x86 64-bit built Feb  7 2025
Developed by Bui Quang Minh, Nguyen Lam Tung, Olga Chernomor, Heiko Schmidt,
Dominik Schrempf, Michael Woodhams, Ly Trong Nhan, Thomas Wong

Host:    rstudio-biol0033 (AVX512, FMA3, 31 GB RAM)
Command: iqtree2 -s aln_aa_trimmed.fasta -B 1000 -T AUTO
Seed:    117215 (Using SPRNG - Scalable Parallel Random Number Generator)
Time:    Wed Mar  4 16:27:58 2026
Kernel:  AVX+FMA - auto-detect threads (16 CPU cores detected)

Reading alignment file aln_aa_trimmed.fasta ... Fasta format detected
Reading fasta file: done in 0.000473537 secs using 56.38% CPU
Alignment most likely contains protein sequences
Alignment has 12 sequences with 740 columns, 572 distinct patterns
279 parsimony-informative, 281 singleton sites, 180 constant sites
                   Gap/Ambiguity  Composition  p-value
Analyzing sequences: done in 3.41637e-05 secs using 81.96% CPU
   1  Chicken_Mx          13.65%    passed     79.83%
   2  Chimpanzee_Mx       10.95%    passed     73.83%
   3  Cow_Mx              13.38%    passed     98.13%
   4  Dog_Mx              11.62%    passed    100.00%
   5  Duck_Mx              8.11%    passed     71.18%
   6  Human_Mx            12.16%    passed    100.00%
   7  Mouse_Mx            15.00%    passed     99.73%
   8  Orangutan_Mx        13.38%    passed    100.00%
   9  Pig_Mx              12.30%    passed    100.00%
  10  Rat_Mx              13.11%    passed     99.92%
  11  Rhesus_macaque_Mx   12.03%    passed    100.00%
  12  Sheep_Mx            12.97%    passed     86.65%
****  TOTAL               12.39%  0 sequences failed composition chi2 test (p-value<5%; df=19)


Create initial parsimony tree by phylogenetic likelihood library (PLL)... 0.002 seconds
Measuring multi-threading efficiency up to 16 CPU cores
Increase to 10 rounds for branch lengths
121 trees examined
Threads: 1 / Time: 16.036 sec / Speedup: 1.000 / Efficiency: 100% / LogL: -9693
Threads: 2 / Time: 9.932 sec / Speedup: 1.615 / Efficiency: 81% / LogL: -9693
Threads: 3 / Time: 7.622 sec / Speedup: 2.104 / Efficiency: 70% / LogL: -9693
Threads: 4 / Time: 6.038 sec / Speedup: 2.656 / Efficiency: 66% / LogL: -9693
Threads: 5 / Time: 5.489 sec / Speedup: 2.921 / Efficiency: 58% / LogL: -9693
Threads: 6 / Time: 4.598 sec / Speedup: 3.488 / Efficiency: 58% / LogL: -9693
Threads: 7 / Time: 4.314 sec / Speedup: 3.717 / Efficiency: 53% / LogL: -9693
Threads: 8 / Time: 3.942 sec / Speedup: 4.068 / Efficiency: 51% / LogL: -9693
Threads: 9 / Time: 3.822 sec / Speedup: 4.195 / Efficiency: 47% / LogL: -9693
BEST NUMBER OF THREADS: 8

Perform fast likelihood tree search using LG+I+G model...
Estimate model parameters (epsilon = 5.000)
Perform nearest neighbor interchange...
Estimate model parameters (epsilon = 1.000)
1. Initial log-likelihood: -9165.254
Optimal log-likelihood: -9165.054
Proportion of invariable sites: 0.104
Gamma shape alpha: 0.896
Parameters optimization took 1 rounds (0.019 sec)
Time for fast ML tree search: 0.076 seconds

NOTE: ModelFinder requires 13 MB RAM!
ModelFinder will test up to 1232 protein models (sample size: 740 epsilon: 0.100) ...
 No. Model         -LnL         df  AIC          AICc         BIC
  1  LG            9490.789     21  19023.577    19024.864    19120.317
  2  LG+I          9293.732     22  18631.463    18632.875    18732.810
  3  LG+G4         9165.937     22  18375.875    18377.286    18477.221
  4  LG+I+G4       9164.952     23  18375.904    18377.446    18481.857
  5  LG+R2         9194.719     23  18435.437    18436.979    18541.390
  6  LG+R3         9147.537     25  18345.074    18346.895    18460.240
  7  LG+R4         9144.067     27  18342.134    18344.258    18466.514
 14  LG+I+R2       9176.527     24  18401.054    18402.733    18511.614
 15  LG+I+R3       9145.556     26  18343.112    18345.081    18462.885
 16  LG+I+R4       9144.541     28  18345.082    18347.366    18474.068
 28  LG+F+R3       9133.779     44  18355.558    18361.256    18558.251
 29  LG+F+R4       9128.812     46  18349.624    18355.864    18561.530
 37  LG+F+I+R3     9131.062     45  18352.124    18358.089    18559.423
 50  WAG+R3        9163.382     25  18376.763    18378.584    18491.930
 51  WAG+R4        9161.593     27  18377.186    18379.310    18501.566
 59  WAG+I+R3      9161.600     26  18375.201    18377.170    18494.973
 72  WAG+F+R3      9129.858     44  18347.716    18353.414    18550.409
 73  WAG+F+R4      9126.456     46  18344.911    18351.151    18556.817
 81  WAG+F+I+R3    9127.815     45  18345.630    18351.596    18552.929
 94  JTT+R3        9096.550     25  18243.100    18244.921    18358.267
 95  JTT+R4        9092.829     27  18239.658    18241.782    18364.038
103  JTT+I+R3      9093.052     26  18238.104    18240.073    18357.877
116  JTT+F+R3      9058.699     44  18205.397    18211.095    18408.090
117  JTT+F+R4      9053.535     46  18199.070    18205.309    18410.976
125  JTT+F+I+R3    9054.461     45  18198.922    18204.887    18406.221
WARNING: Normalizing state frequencies so that sum of them equals to 1
138  Q.pfam+R3     9163.485     25  18376.970    18378.791    18492.136
WARNING: Normalizing state frequencies so that sum of them equals to 1
139  Q.pfam+R4     9158.677     27  18371.354    18373.478    18495.734
WARNING: Normalizing state frequencies so that sum of them equals to 1
147  Q.pfam+I+R3   9160.496     26  18372.992    18374.961    18492.765
WARNING: Normalizing state frequencies so that sum of them equals to 1
160  Q.pfam+F+R3   9132.373     44  18352.745    18358.443    18555.438
WARNING: Normalizing state frequencies so that sum of them equals to 1
161  Q.pfam+F+R4   9126.414     46  18344.828    18351.067    18556.734
WARNING: Normalizing state frequencies so that sum of them equals to 1
169  Q.pfam+F+I+R3 9128.958     45  18347.915    18353.881    18555.214
WARNING: Normalizing state frequencies so that sum of them equals to 1
182  Q.bird+R3     9110.560     25  18271.120    18272.940    18386.286
WARNING: Normalizing state frequencies so that sum of them equals to 1
183  Q.bird+R4     9093.701     27  18241.402    18243.525    18365.781
WARNING: Normalizing state frequencies so that sum of them equals to 1
191  Q.bird+I+R3   9097.615     26  18247.229    18249.199    18367.002
WARNING: Normalizing state frequencies so that sum of them equals to 1
204  Q.bird+F+R3   9070.218     44  18228.437    18234.135    18431.129
WARNING: Normalizing state frequencies so that sum of them equals to 1
205  Q.bird+F+R4   9053.164     46  18198.327    18204.567    18410.233
WARNING: Normalizing state frequencies so that sum of them equals to 1
213  Q.bird+F+I+R3 9057.387     45  18204.775    18210.740    18412.074
WARNING: Normalizing state frequencies so that sum of them equals to 1
226  Q.mammal+R3   9108.389     25  18266.778    18268.599    18381.944
WARNING: Normalizing state frequencies so that sum of them equals to 1
227  Q.mammal+R4   9094.262     27  18242.524    18244.648    18366.904
WARNING: Normalizing state frequencies so that sum of them equals to 1
235  Q.mammal+I+R3 9097.974     26  18247.948    18249.917    18367.721
WARNING: Normalizing state frequencies so that sum of them equals to 1
248  Q.mammal+F+R3 9057.579     44  18203.157    18208.855    18405.850
WARNING: Normalizing state frequencies so that sum of them equals to 1
249  Q.mammal+F+R4 9043.156     46  18178.313    18184.552    18390.219
WARNING: Normalizing state frequencies so that sum of them equals to 1
257  Q.mammal+F+I+R3 9047.228     45  18184.455    18190.421    18391.755
270  Q.insect+R3   9113.746     25  18277.491    18279.312    18392.658
271  Q.insect+R4   9104.694     27  18263.389    18265.512    18387.768
279  Q.insect+I+R3 9107.022     26  18266.044    18268.013    18385.817
292  Q.insect+F+R3 9107.216     44  18302.433    18308.130    18505.125
293  Q.insect+F+R4 9097.880     46  18287.760    18294.000    18499.666
301  Q.insect+F+I+R3 9100.350     45  18290.701    18296.666    18498.000
WARNING: Normalizing state frequencies so that sum of them equals to 1
314  Q.plant+R3    9096.708     25  18243.416    18245.237    18358.583
WARNING: Normalizing state frequencies so that sum of them equals to 1
315  Q.plant+R4    9083.421     27  18220.843    18222.966    18345.222
WARNING: Normalizing state frequencies so that sum of them equals to 1
323  Q.plant+I+R3  9086.304     26  18224.609    18226.578    18344.382
WARNING: Normalizing state frequencies so that sum of them equals to 1
336  Q.plant+F+R3  9066.336     44  18220.672    18226.369    18423.364
WARNING: Normalizing state frequencies so that sum of them equals to 1
337  Q.plant+F+R4  9052.581     46  18197.162    18203.401    18409.068
WARNING: Normalizing state frequencies so that sum of them equals to 1
345  Q.plant+F+I+R3 9056.447     45  18202.893    18208.859    18410.193
WARNING: Normalizing state frequencies so that sum of them equals to 1
358  Q.yeast+R3    9144.070     25  18338.141    18339.961    18453.307
WARNING: Normalizing state frequencies so that sum of them equals to 1
359  Q.yeast+R4    9135.494     27  18324.987    18327.111    18449.367
WARNING: Normalizing state frequencies so that sum of them equals to 1
367  Q.yeast+I+R3  9137.650     26  18327.301    18329.270    18447.074
WARNING: Normalizing state frequencies so that sum of them equals to 1
380  Q.yeast+F+R3  9126.241     44  18340.481    18346.179    18543.174
WARNING: Normalizing state frequencies so that sum of them equals to 1
381  Q.yeast+F+R4  9117.416     46  18326.832    18333.071    18538.738
WARNING: Normalizing state frequencies so that sum of them equals to 1
389  Q.yeast+F+I+R3 9120.330     45  18330.660    18336.625    18537.959
402  JTTDCMut+R3   9096.359     25  18242.719    18244.539    18357.885
403  JTTDCMut+R4   9089.937     27  18233.873    18235.997    18358.253
411  JTTDCMut+I+R3 9091.044     26  18234.088    18236.057    18353.861
424  JTTDCMut+F+R3 9059.633     44  18207.266    18212.964    18409.959
425  JTTDCMut+F+R4 9051.838     46  18195.676    18201.916    18407.582
433  JTTDCMut+F+I+R3 9053.650     45  18197.299    18203.264    18404.598
446  DCMut+R3      9240.944     25  18531.888    18533.708    18647.054
447  DCMut+R4      9233.269     27  18520.537    18522.661    18644.917
455  DCMut+I+R3    9233.230     26  18518.459    18520.429    18638.232
468  DCMut+F+R3    9179.710     44  18447.420    18453.118    18650.113
469  DCMut+F+R4    9170.153     46  18432.306    18438.546    18644.212
477  DCMut+F+I+R3  9171.502     45  18433.003    18438.968    18640.302
490  VT+R3         9143.579     25  18337.158    18338.979    18452.325
491  VT+R4         9140.823     27  18335.646    18337.769    18460.025
499  VT+I+R3       9141.611     26  18335.222    18337.191    18454.995
512  VT+F+R3       9123.030     44  18334.060    18339.758    18536.753
513  VT+F+R4       9119.488     46  18330.976    18337.215    18542.882
521  VT+F+I+R3     9120.832     45  18331.665    18337.630    18538.964
534  PMB+R3        9258.145     25  18566.291    18568.112    18681.457
535  PMB+R4        9256.403     27  18566.807    18568.930    18691.186
543  PMB+I+R3      9257.027     26  18566.055    18568.024    18685.828
556  PMB+F+R3      9209.560     44  18507.120    18512.818    18709.812
557  PMB+F+R4      9206.678     46  18505.356    18511.595    18717.262
565  PMB+F+I+R3    9207.760     45  18505.519    18511.485    18712.819
578  Blosum62+R3   9246.969     25  18543.939    18545.759    18659.105
579  Blosum62+R4   9246.371     27  18546.742    18548.866    18671.122
587  Blosum62+I+R3 9245.948     26  18543.897    18545.866    18663.670
600  Blosum62+F+R3 9217.261     44  18522.522    18528.220    18725.215
601  Blosum62+F+R4 9215.639     46  18523.277    18529.517    18735.183
609  Blosum62+F+I+R3 9215.778     45  18521.555    18527.520    18728.854
622  Dayhoff+R3    9241.105     25  18532.210    18534.031    18647.377
623  Dayhoff+R4    9233.789     27  18521.577    18523.701    18645.957
631  Dayhoff+I+R3  9233.723     26  18519.445    18521.415    18639.218
644  Dayhoff+F+R3  9180.078     44  18448.155    18453.853    18650.848
645  Dayhoff+F+R4  9171.037     46  18434.075    18440.314    18645.981
653  Dayhoff+F+I+R3 9172.114     45  18434.228    18440.194    18641.527
666  mtREV+R3      9628.347     25  19306.694    19308.515    19421.860
667  mtREV+R4      9612.126     27  19278.252    19280.376    19402.632
675  mtREV+I+R3    9616.655     26  19285.311    19287.280    19405.084
688  mtREV+F+R3    9169.599     44  18427.197    18432.895    18629.890
689  mtREV+F+R4    9156.969     46  18405.938    18412.178    18617.844
697  mtREV+F+I+R3  9158.884     45  18407.768    18413.734    18615.067
710  mtART+R3      9810.077     25  19670.154    19671.975    19785.320
711  mtART+R4      9777.292     27  19608.584    19610.708    19732.964
719  mtART+I+R3    9789.208     26  19630.415    19632.384    19750.188
732  mtART+F+R3    9310.132     44  18708.263    18713.961    18910.956
733  mtART+F+R4    9276.939     46  18645.879    18652.118    18857.785
741  mtART+F+I+R3  9286.579     45  18663.158    18669.123    18870.457
754  mtZOA+R3      9645.787     25  19341.575    19343.395    19456.741
755  mtZOA+R4      9619.397     27  19292.794    19294.918    19417.174
763  mtZOA+I+R3    9628.813     26  19309.626    19311.595    19429.399
776  mtZOA+F+R3    9217.095     44  18522.190    18527.888    18724.883
777  mtZOA+F+R4    9196.213     46  18484.427    18490.666    18696.333
785  mtZOA+F+I+R3  9202.468     45  18494.937    18500.902    18702.236
798  mtMet+R3      9596.917     25  19243.834    19245.655    19359.000
799  mtMet+R4      9577.174     27  19208.347    19210.471    19332.727
807  mtMet+I+R3    9584.114     26  19220.228    19222.197    19340.001
820  mtMet+F+R3    9141.635     44  18371.270    18376.967    18573.962
821  mtMet+F+R4    9123.805     46  18339.611    18345.850    18551.517
829  mtMet+F+I+R3  9129.475     45  18348.951    18354.916    18556.250
842  mtVer+R3      9622.914     25  19295.829    19297.649    19410.995
843  mtVer+R4      9596.496     27  19246.993    19249.116    19371.372
851  mtVer+I+R3    9606.276     26  19264.551    19266.520    19384.324
864  mtVer+F+R3    9176.039     44  18440.077    18445.775    18642.770
865  mtVer+F+R4    9151.584     46  18395.168    18401.407    18607.074
873  mtVer+F+I+R3  9161.433     45  18412.867    18418.832    18620.166
886  mtInv+R3      9697.370     25  19444.741    19446.561    19559.907
887  mtInv+R4      9683.466     27  19420.932    19423.056    19545.312
895  mtInv+I+R3    9688.305     26  19428.611    19430.580    19548.384
908  mtInv+F+R3    9143.150     44  18374.300    18379.998    18576.993
909  mtInv+F+R4    9130.681     46  18353.362    18359.601    18565.268
917  mtInv+F+I+R3  9134.599     45  18359.198    18365.163    18566.497
930  mtMAM+R3      9720.918     25  19491.837    19493.657    19607.003
931  mtMAM+R4      9684.911     27  19423.823    19425.946    19548.202
939  mtMAM+I+R3    9698.609     26  19449.218    19451.187    19568.991
952  mtMAM+F+R3    9251.754     44  18591.508    18597.206    18794.201
953  mtMAM+F+R4    9225.831     46  18543.663    18549.902    18755.569
961  mtMAM+F+I+R3  9238.542     45  18567.085    18573.050    18774.384
WARNING: Normalizing state frequencies so that sum of them equals to 1
974  FLAVI+R3      9291.220     25  18632.440    18634.261    18747.607
WARNING: Normalizing state frequencies so that sum of them equals to 1
975  FLAVI+R4      9262.333     27  18578.666    18580.789    18703.045
WARNING: Normalizing state frequencies so that sum of them equals to 1
983  FLAVI+I+R3    9275.874     26  18603.748    18605.717    18723.521
WARNING: Normalizing state frequencies so that sum of them equals to 1
996  FLAVI+F+R3    9174.563     44  18437.126    18442.823    18639.818
WARNING: Normalizing state frequencies so that sum of them equals to 1
997  FLAVI+F+R4    9145.060     46  18382.120    18388.359    18594.026
WARNING: Normalizing state frequencies so that sum of them equals to 1
1005  FLAVI+F+I+R3  9156.606     45  18403.212    18409.177    18610.511
1018  HIVb+R3       9146.583     25  18343.165    18344.986    18458.332
1019  HIVb+R4       9128.941     27  18311.881    18314.005    18436.261
1027  HIVb+I+R3     9132.907     26  18317.814    18319.783    18437.587
1040  HIVb+F+R3     9093.900     44  18275.800    18281.498    18478.493
1041  HIVb+F+R4     9075.992     46  18243.984    18250.223    18455.890
1049  HIVb+F+I+R3   9079.151     45  18248.301    18254.267    18455.600
1062  HIVw+R3       9305.145     25  18660.291    18662.112    18775.457
1063  HIVw+R4       9286.758     27  18627.515    18629.639    18751.895
1071  HIVw+I+R3     9290.380     26  18632.759    18634.729    18752.532
1084  HIVw+F+R3     9188.085     44  18464.171    18469.869    18666.863
1085  HIVw+F+R4     9171.870     46  18435.739    18441.979    18647.645
1093  HIVw+F+I+R3   9175.129     45  18440.259    18446.224    18647.558
1106  FLU+R3        9199.860     25  18449.720    18451.541    18564.886
1107  FLU+R4        9184.761     27  18423.521    18425.645    18547.901
1115  FLU+I+R3      9189.074     26  18430.148    18432.117    18549.921
1128  FLU+F+R3      9163.178     44  18414.355    18420.053    18617.048
1129  FLU+F+R4      9145.911     46  18383.821    18390.061    18595.727
1137  FLU+F+I+R3    9151.754     45  18393.507    18399.473    18600.806
1150  rtREV+R3      9211.177     25  18472.354    18474.175    18587.520
1151  rtREV+R4      9205.347     27  18464.694    18466.817    18589.073
1159  rtREV+I+R3    9207.837     26  18467.673    18469.643    18587.446
1172  rtREV+F+R3    9165.452     44  18418.905    18424.603    18621.597
1173  rtREV+F+R4    9157.629     46  18407.258    18413.498    18619.164
1181  rtREV+F+I+R3  9161.566     45  18413.133    18419.098    18620.432
1194  cpREV+R3      9164.861     25  18379.722    18381.542    18494.888
1195  cpREV+R4      9159.085     27  18372.171    18374.294    18496.550
1203  cpREV+I+R3    9161.194     26  18374.388    18376.357    18494.161
1216  cpREV+F+R3    9141.125     44  18370.249    18375.947    18572.942
1217  cpREV+F+R4    9134.693     46  18361.386    18367.626    18573.292
1225  cpREV+F+I+R3  9137.561     45  18365.123    18371.088    18572.422
Akaike Information Criterion:           Q.mammal+F+R4
Corrected Akaike Information Criterion: Q.mammal+F+R4
Bayesian Information Criterion:         Q.plant+I+R3
Best-fit model: Q.plant+I+R3 chosen according to BIC

All model information printed to aln_aa_trimmed.fasta.model.gz
CPU time for ModelFinder: 368.868 seconds (0h:6m:8s)
Wall-clock time for ModelFinder: 78.890 seconds (0h:1m:18s)
Generating 1000 samples for ultrafast bootstrap (seed: 117215)...
WARNING: Normalizing state frequencies so that sum of them equals to 1

NOTE: 5 MB RAM (0 GB) is required!
Estimate model parameters (epsilon = 0.100)
1. Initial log-likelihood: -9092.737
2. Current log-likelihood: -9086.883
3. Current log-likelihood: -9086.622
Optimal log-likelihood: -9086.558
Proportion of invariable sites: 0.159
Site proportion and rates:  (0.400,0.177) (0.384,0.894) (0.058,10.186)
Parameters optimization took 3 rounds (0.064 sec)
Wrote distance file to... 
Computing ML distances based on estimated model parameters...
Calculating distance matrix: done in 0.00299817 secs using 806% CPU
Computing ML distances took 0.003063 sec (of wall-clock time) 0.024236 sec (of CPU time)
Setting up auxiliary I and S matrices: done in 0.00111445 secs using 482% CPU
Computing RapidNJ tree took 0.013985 sec (of wall-clock time) 0.036070 sec (of CPU time)
Log-likelihood of RapidNJ tree: -9090.414
--------------------------------------------------------------------
|             INITIALIZING CANDIDATE TREE SET                      |
--------------------------------------------------------------------
Generating 98 parsimony trees... 0.105 second
Computing log-likelihood of 98 initial trees ... 0.372 seconds
Current best score: -9086.558

Do NNI search on 20 best initial trees
Estimate model parameters (epsilon = 0.100)
BETTER TREE FOUND at iteration 1: -9086.509
Iteration 10 / LogL: -9086.545 / Time: 0h:1m:19s
Iteration 20 / LogL: -9087.236 / Time: 0h:1m:20s
Finish initializing candidate tree set (1)
Current best tree score: -9086.509 / CPU time: 1.528
Number of iterations: 20
--------------------------------------------------------------------
|               OPTIMIZING CANDIDATE TREE SET                      |
--------------------------------------------------------------------
UPDATE BEST LOG-LIKELIHOOD: -9086.506
UPDATE BEST LOG-LIKELIHOOD: -9086.505
Iteration 30 / LogL: -9088.343 / Time: 0h:1m:21s (0h:0m:5s left)
Iteration 40 / LogL: -9086.709 / Time: 0h:1m:21s (0h:0m:4s left)
Iteration 50 / LogL: -9086.759 / Time: 0h:1m:22s (0h:0m:3s left)
Log-likelihood cutoff on original alignment: -9117.249
Iteration 60 / LogL: -9086.629 / Time: 0h:1m:22s (0h:0m:2s left)
Iteration 70 / LogL: -9086.671 / Time: 0h:1m:23s (0h:0m:1s left)
Iteration 80 / LogL: -9087.308 / Time: 0h:1m:23s (0h:0m:1s left)
Iteration 90 / LogL: -9086.507 / Time: 0h:1m:24s (0h:0m:0s left)
Iteration 100 / LogL: -9086.718 / Time: 0h:1m:24s (0h:0m:0s left)
Log-likelihood cutoff on original alignment: -9117.679
NOTE: Bootstrap correlation coefficient of split occurrence frequencies: 1.000
TREE SEARCH COMPLETED AFTER 102 ITERATIONS / Time: 0h:1m:24s

--------------------------------------------------------------------
|                    FINALIZING TREE SEARCH                        |
--------------------------------------------------------------------
Performs final model parameters optimization
Estimate model parameters (epsilon = 0.010)
1. Initial log-likelihood: -9086.505
2. Current log-likelihood: -9086.475
3. Current log-likelihood: -9086.430
4. Current log-likelihood: -9086.388
5. Current log-likelihood: -9086.347
6. Current log-likelihood: -9086.308
7. Current log-likelihood: -9086.270
8. Current log-likelihood: -9086.233
9. Current log-likelihood: -9086.197
10. Current log-likelihood: -9086.162
11. Current log-likelihood: -9086.128
12. Current log-likelihood: -9086.096
13. Current log-likelihood: -9086.064
14. Current log-likelihood: -9086.033
15. Current log-likelihood: -9086.010
16. Current log-likelihood: -9085.980
17. Current log-likelihood: -9085.959
18. Current log-likelihood: -9085.930
19. Current log-likelihood: -9085.910
20. Current log-likelihood: -9085.889
21. Current log-likelihood: -9085.869
22. Current log-likelihood: -9085.849
23. Current log-likelihood: -9085.830
24. Current log-likelihood: -9085.811
25. Current log-likelihood: -9085.792
26. Current log-likelihood: -9085.774
27. Current log-likelihood: -9085.756
28. Current log-likelihood: -9085.738
29. Current log-likelihood: -9085.721
30. Current log-likelihood: -9085.704
31. Current log-likelihood: -9085.687
32. Current log-likelihood: -9085.671
33. Current log-likelihood: -9085.655
34. Current log-likelihood: -9085.640
35. Current log-likelihood: -9085.625
36. Current log-likelihood: -9085.611
37. Current log-likelihood: -9085.597
38. Current log-likelihood: -9085.584
39. Current log-likelihood: -9085.571
40. Current log-likelihood: -9085.559
41. Current log-likelihood: -9085.547
42. Current log-likelihood: -9085.535
43. Current log-likelihood: -9085.524
44. Current log-likelihood: -9085.513
45. Current log-likelihood: -9085.503
46. Current log-likelihood: -9085.492
47. Current log-likelihood: -9085.482
48. Current log-likelihood: -9085.472
Optimal log-likelihood: -9085.457
Proportion of invariable sites: 0.160
Site proportion and rates:  (0.402,0.153) (0.383,0.781) (0.055,11.705)
Parameters optimization took 48 rounds (0.878 sec)
BEST SCORE FOUND : -9085.457
Creating bootstrap support values...
Split supports printed to NEXUS file aln_aa_trimmed.fasta.splits.nex
Total tree length: 11.928

Total number of iterations: 102
CPU time used for tree search: 45.583 sec (0h:0m:45s)
Wall-clock time used for tree search: 5.842 sec (0h:0m:5s)
Total CPU time used: 422.323 sec (0h:7m:2s)
Total wall-clock time used: 85.755 sec (0h:1m:25s)

Computing bootstrap consensus tree...
Reading input file aln_aa_trimmed.fasta.splits.nex...
12 taxa and 35 splits.
Consensus tree written to aln_aa_trimmed.fasta.contree
Reading input trees file aln_aa_trimmed.fasta.contree
Log-likelihood of consensus tree: -9085.456

Analysis results written to: 
  IQ-TREE report:                aln_aa_trimmed.fasta.iqtree
  Maximum-likelihood tree:       aln_aa_trimmed.fasta.treefile
  Likelihood distances:          aln_aa_trimmed.fasta.mldist

Ultrafast bootstrap approximation results written to:
  Split support values:          aln_aa_trimmed.fasta.splits.nex
  Consensus tree:                aln_aa_trimmed.fasta.contree
  Screen log file:               aln_aa_trimmed.fasta.log

Date and Time: Wed Mar  4 16:29:23 2026
