IQ-TREE multicore version 2.4.0 for Linux x86 64-bit built Feb  7 2025
Developed by Bui Quang Minh, Nguyen Lam Tung, Olga Chernomor, Heiko Schmidt,
Dominik Schrempf, Michael Woodhams, Ly Trong Nhan, Thomas Wong

Host:    rstudio-biol0033 (AVX512, FMA3, 31 GB RAM)
Command: iqtree2 -s ../aln_dna.fasta -st DNA -p part12_3.nex -m MFP -B 1000 -pre dna_partCP12CP3
Seed:    993529 (Using SPRNG - Scalable Parallel Random Number Generator)
Time:    Wed Feb 11 18:15:40 2026
Kernel:  AVX+FMA - 1 threads (16 CPU cores detected)

HINT: Use -nt option to specify number of threads because your CPU has 16 cores!
HINT: -nt AUTO will automatically determine the best number of threads to use.

Reading partition model file part12_3.nex ...
Reading alignment file ../aln_dna.fasta ... Fasta format detected
Reading fasta file: done in 0.00109448 secs using 90.36% CPU
Alignment most likely contains DNA/RNA sequences
Alignment has 12 sequences with 2397 columns, 1005 distinct patterns
1013 parsimony-informative, 417 singleton sites, 967 constant sites
                   Gap/Ambiguity  Composition  p-value
Analyzing sequences: done in 9.73819e-05 secs using 97.55% CPU
   1  Duck_Mx              9.76%    failed      0.00%
   2  Chimpanzee_Mx       10.51%    passed     12.84%
   3  Chicken_Mx          11.76%    failed      0.00%
   4  Orangutan_Mx        17.15%    passed     15.56%
   5  Human_Mx            17.15%    passed     33.99%
   6  Pig_Mx              17.15%    passed     13.80%
   7  Rhesus_macaque_Mx   17.27%    passed     32.55%
   8  Dog_Mx              17.77%    passed     42.24%
   9  Sheep_Mx            18.15%    passed     65.71%
  10  Cow_Mx              18.90%    passed     59.59%
  11  Rat_Mx              18.40%    passed     92.56%
  12  Mouse_Mx            21.03%    passed     16.01%
****  TOTAL               16.25%  2 sequences failed composition chi2 test (p-value<5%; df=3)
NOTE: No CharPartition defined, use all CharSets

Loading 2 partitions...
Subset	Type	Seqs	Sites	Infor	Invar	Model	Name
1	DNA	12	1598	506	810	MFP	CP12
2	DNA	12	799	507	157	MFP	CP3
Degree of missing data: 0.000
Info: multi-threading strategy over partitions



Create initial parsimony tree by phylogenetic likelihood library (PLL)... 0.002 seconds
Perform fast likelihood tree search using GTR+I+G model...
Estimate model parameters (epsilon = 5.000)
Initial log-likelihood: -15660.926
Current log-likelihood at step 1: -14982.144
Current log-likelihood at step 2: -14966.792
Current log-likelihood at step 3: -14964.971
Parameters optimization took 2 rounds (0.191 sec)

Perform nearest neighbor interchange...
Estimate model parameters (epsilon = 1.000)
Initial log-likelihood: -14964.971
Current log-likelihood at step 1: -14964.006
Partition-specific rates:  0.732 1.535
Parameters optimization took 0 rounds (0.020 sec)

Time for fast ML tree search: 0.230 seconds

NOTE: ModelFinder requires 4 MB RAM!
Selecting individual models for 2 charsets using BIC...
Full partition model BIC score: 30185.978 (LnL: -14972.368  df:31)
Partition information was printed to dna_partCP12CP3.best_scheme.nex
Partition information in Raxml format was printed to dna_partCP12CP3.best_scheme

All model information printed to dna_partCP12CP3.model.gz
CPU time for ModelFinder: 2.821 seconds (0h:0m:2s)
Wall-clock time for ModelFinder: 2.850 seconds (0h:0m:2s)
Generating 1000 samples for ultrafast bootstrap (seed: 993529)...

NOTE: 5 MB RAM (0 GB) is required!
Estimate model parameters (epsilon = 0.100)
Initial log-likelihood: -15312.514
Current log-likelihood at step 1: -14971.442
Current log-likelihood at step 2: -14971.347
Partition-specific rates:  0.724 1.551
Parameters optimization took 1 rounds (0.048 sec)

Wrote distance file to... 
Computing ML distances based on estimated model parameters...
Calculating distance matrix: done in 2.85478e-05 secs using 94.58% CPU
Computing ML distances took 0.000054 sec (of wall-clock time) 0.000057 sec (of CPU time)
Setting up auxiliary I and S matrices: done in 0.000128327 secs using 97.41% CPU
Computing RapidNJ tree took 0.000481 sec (of wall-clock time) 0.000868 sec (of CPU time)
Log-likelihood of RapidNJ tree: -16865.588
--------------------------------------------------------------------
|             INITIALIZING CANDIDATE TREE SET                      |
--------------------------------------------------------------------
Generating 98 parsimony trees... 0.165 second
Computing log-likelihood of 98 initial trees ... 0.332 seconds
Current best score: -14971.347

Do NNI search on 20 best initial trees
Estimate model parameters (epsilon = 0.100)
Initial log-likelihood: -14971.347
Current log-likelihood at step 1: -14971.333
Parameters optimization took 0 rounds (0.011 sec)

BETTER TREE FOUND at iteration 1: -14971.333
Iteration 10 / LogL: -14971.770 / Time: 0h:0m:3s
Iteration 20 / LogL: -14971.686 / Time: 0h:0m:4s
Finish initializing candidate tree set (1)
Current best tree score: -14971.333 / CPU time: 1.507
Number of iterations: 20
--------------------------------------------------------------------
|               OPTIMIZING CANDIDATE TREE SET                      |
--------------------------------------------------------------------
Iteration 30 / LogL: -14973.697 / Time: 0h:0m:5s (0h:0m:5s left)
Iteration 40 / LogL: -14971.790 / Time: 0h:0m:5s (0h:0m:4s left)
UPDATE BEST LOG-LIKELIHOOD: -14971.333
Iteration 50 / LogL: -14973.805 / Time: 0h:0m:6s (0h:0m:3s left)
Log-likelihood cutoff on original alignment: -14997.227
Iteration 60 / LogL: -14971.387 / Time: 0h:0m:6s (0h:0m:2s left)
UPDATE BEST LOG-LIKELIHOOD: -14971.333
Iteration 70 / LogL: -14971.790 / Time: 0h:0m:6s (0h:0m:1s left)
Iteration 80 / LogL: -14971.646 / Time: 0h:0m:7s (0h:0m:1s left)
Iteration 90 / LogL: -14973.092 / Time: 0h:0m:7s (0h:0m:0s left)
Iteration 100 / LogL: -14971.366 / Time: 0h:0m:8s (0h:0m:0s left)
Log-likelihood cutoff on original alignment: -14997.227
NOTE: Bootstrap correlation coefficient of split occurrence frequencies: 1.000
TREE SEARCH COMPLETED AFTER 102 ITERATIONS / Time: 0h:0m:8s

--------------------------------------------------------------------
|                    FINALIZING TREE SEARCH                        |
--------------------------------------------------------------------
Performs final model parameters optimization
Estimate model parameters (epsilon = 0.010)
Initial log-likelihood: -14971.333
Current log-likelihood at step 1: -14971.328
Partition-specific rates:  0.724 1.552
Parameters optimization took 0 rounds (0.008 sec)

Partition information was printed to dna_partCP12CP3.best_model.nex
BEST SCORE FOUND : -14971.328
Creating bootstrap support values...
Split supports printed to NEXUS file dna_partCP12CP3.splits.nex
Total tree length: 2.653

Total number of iterations: 102
CPU time used for tree search: 5.121 sec (0h:0m:5s)
Wall-clock time used for tree search: 5.309 sec (0h:0m:5s)
Total CPU time used: 8.115 sec (0h:0m:8s)
Total wall-clock time used: 8.319 sec (0h:0m:8s)

Computing bootstrap consensus tree...
Reading input file dna_partCP12CP3.splits.nex...
12 taxa and 35 splits.
Consensus tree written to dna_partCP12CP3.contree
Reading input trees file dna_partCP12CP3.contree
Log-likelihood of consensus tree: -14971.329

Analysis results written to: 
  IQ-TREE report:                dna_partCP12CP3.iqtree
  Maximum-likelihood tree:       dna_partCP12CP3.treefile
  Likelihood distances:          dna_partCP12CP3.mldist
  Best partitioning scheme:      dna_partCP12CP3.best_scheme.nex
           in RAxML format:      dna_partCP12CP3.best_scheme

Ultrafast bootstrap approximation results written to:
  Split support values:          dna_partCP12CP3.splits.nex
  Consensus tree:                dna_partCP12CP3.contree
  Screen log file:               dna_partCP12CP3.log

Date and Time: Wed Feb 11 18:15:49 2026
